<?xml version="1.0"?>
<root>
    <carrot a="one" g="two" z="three">red</carrot>
    <!-- comment -->
  <banana>yellow</banana><apple a="aaa" z="zzz"/><zorro>
value</zorro>
</root>
