<root>
  
  <apple a="aaa" z="zzz"/>
  <banana>yellow</banana>
  <carrot a="one" g="two" z="three">red</carrot>
  <zorro>
value</zorro>
</root>
