

    
	
    

    
	
	    inside two_dot_two
	
    

