<?xml version="1.0"?>
<root xmlns:a="one">
  <a:child/>
</root>

