<?xml version="1.0"?>
<root xmlns:a="one">
  <a:child xmlns:b="two" xmlns:c="three"/>
</root>

