<?xml version="1.0"?>
<root xmlns="one">
  <child xmlns:b="two"/>
</root>

