<?xml version="1.0"?>
<root xmlns:a="one" xmlns:b="two">
  <b:child/>
</root>

