<?xml version="1.0"?>
<root xmlns:a="one" xmlns:b="two" xmlns="default">
  <b:child xmlns:a="another">
    <nested xmlns:a="one" b:attr="value">
      <a:deep/>
    </nested>
  </b:child>
</root>

