<?xml version="1.0"?>
<root><!-- comment --><apple a="aaa" z="zzz"/><banana xmlns="def" xmlns:a="one" xmlns:b="two" xmlns:d="three">yellow</banana><carrot a="one" g="two" z="three">red</carrot><zorro>
value</zorro></root>
