<?xml version="1.0"?>
<root xmlns:existed="http://name.space" xmlns:prefix="uri">
</root>
