<?xml version="1.0"?>
<root xmlns:existed="http://some.other/uri">
</root>
