<?xml version="1.0"?>
<root xmlns="http://default.name.space" xmlns:prefixOne="http://first.name.space" xmlns:prefixTwo="http://second.name.space">
</root>
