<?xml version="1.0"?>
<root xmlns="http://name.space">
    <nested xmlns="http://name.space"/>
</root>
