<?xml version="1.0"?>
<root xmlns="http://default.name.space"><inserted xmlns:prefix="uri"/>
</root>
