<?xml version="1.0"?>
<root xmlns:a="http://bla.com">
    <a:child attr1="attr_val">replaced_value</a:child>
</root>

