<?xml version="1.0"?>
<root xmlns="http://bla.com">
    <child attr1="attr_val">replaced_value</child>
</root>

