<?xml version="1.0"?>
<root>
    <child attr1="a">replaced_value</child>
</root>

