<?xml version="1.0"?>
<root>
    <child attr1="new_value">value</child>
    <child>value</child>
    <child another_attr="some">value</child>
</root>

