<?xml version="1.0"?>
<root>
    <child attr1="a">new content</child>
</root>

